fill -2 64 0 -2 64 0 minecraft:stone
fill -1 63 -1 -1 65 -1 minecraft:stone
fill -1 63 0 -1 65 0 minecraft:stone
fill -1 63 1 -1 65 1 minecraft:stone
fill 0 64 -2 0 64 -2 minecraft:stone
fill 0 63 -1 0 65 -1 minecraft:stone
fill 0 62 0 0 66 0 minecraft:stone
fill 0 63 1 0 65 1 minecraft:stone
fill 0 64 2 0 64 2 minecraft:stone
fill 1 63 -1 1 65 -1 minecraft:stone
fill 1 63 0 1 65 0 minecraft:stone
fill 1 63 1 1 65 1 minecraft:stone
fill 2 64 0 2 64 0 minecraft:stone
fill 9 64 -3 9 66 -3 minecraft:glass
fill 10 64 -4 10 66 -2 minecraft:glass
fill 11 64 -3 11 66 -3 minecraft:glass
fill 20 60 5 20 63 5 minecraft:dirt
fill 20 60 6 20 63 6 minecraft:dirt
fill 21 60 5 21 63 5 minecraft:dirt
fill 21 60 6 21 62 6 minecraft:dirt
fill 22 60 5 22 62 5 minecraft:dirt
fill 22 60 6 22 62 6 minecraft:dirt
